<?xml version="1.0" encoding="UTF-8"?>
<project xsi:schemaLocation="http://maven.apache.org/POM/4.0.0 https://maven.apache.org/xsd/maven-4.0.0.xsd" xmlns="http://maven.apache.org/POM/4.0.0"
         xmlns:xsi="http://www.w3.org/2001/XMLSchema-instance">
    <modelVersion>4.0.0</modelVersion>
    <groupId>com.mycompany.app</groupId>
    <artifactId>my-app</artifactId>
    <version>1</version>
    <properties>
        <maven.compiler.target>11</maven.compiler.target>
        <maven.compiler.source>11</maven.compiler.source>
        <project.build.sourceEncoding>UTF-8</project.build.sourceEncoding>
    </properties>
    <dependencyManagement>
        <dependencies>
            <dependency>
                <groupId>org.eclipse.sisu</groupId>
                <artifactId>org.eclipse.sisu.inject</artifactId>
                <version>0.9.0.M1</version>
            </dependency>
            <dependency>
                <groupId>javax.enterprise</groupId>
                <artifactId>cdi-api</artifactId>
                <version>1.2</version>
                <scope>compile</scope>
            </dependency>
            <dependency>
                <groupId>org.codehaus.plexus</groupId>
                <artifactId>plexus-classworlds</artifactId>
                <version>2.6.0</version>
                <scope>compile</scope>
            </dependency>
            <dependency>
                <groupId>javax.inject</groupId>
                <artifactId>javax.inject</artifactId>
                <version>1</version>
                <scope>compile</scope>
            </dependency>
            <dependency>
                <groupId>org.codehaus.plexus</groupId>
                <artifactId>plexus-component-annotations</artifactId>
                <version>2.1.0</version>
                <scope>compile</scope>
            </dependency>
            <dependency>
                <groupId>org.codehaus.plexus</groupId>
                <artifactId>plexus-utils</artifactId>
                <version>3.3.0</version>
                <scope>compile</scope>
            </dependency>
            <dependency>
                <groupId>javax.annotation</groupId>
                <artifactId>javax.annotation-api</artifactId>
                <version>1.2</version>
                <scope>compile</scope>
            </dependency>
        </dependencies>
    </dependencyManagement>
    <dependencies>
        <dependency>
            <groupId>org.eclipse.sisu</groupId>
            <artifactId>org.eclipse.sisu.plexus</artifactId>
            <version>0.9.0.M2</version>
            <scope>compile</scope>
        </dependency>
    </dependencies>
    <build>
        <plugins>
            <plugin>
                <groupId>io.github.chains-project</groupId>
                <artifactId>
                    maven-lockfile</artifactId>
                <version>@project.version@</version>
                <executions>
                    <execution>
                        <goals>
                            <goal>freeze</goal>
                        </goals>
                    </execution>
                </executions>
            </plugin>
        </plugins>
    </build>
</project>
